// Jest Snapshot v1, https://goo.gl/fbAQLP

exports[`User Type Should match snapshot 1`] = `
Object {
  "avatar": Object {
    "args": Array [],
    "astNode": undefined,
    "deprecationReason": undefined,
    "description": undefined,
    "extensions": undefined,
    "isDeprecated": false,
    "name": "avatar",
    "resolve": undefined,
    "subscribe": undefined,
    "type": "String",
  },
  "avatarUrl": Object {
    "args": Array [],
    "astNode": undefined,
    "deprecationReason": undefined,
    "description": undefined,
    "extensions": undefined,
    "isDeprecated": false,
    "name": "avatarUrl",
    "resolve": undefined,
    "subscribe": undefined,
    "type": "String",
  },
  "email": Object {
    "args": Array [],
    "astNode": undefined,
    "deprecationReason": undefined,
    "description": undefined,
    "extensions": undefined,
    "isDeprecated": false,
    "name": "email",
    "resolve": undefined,
    "subscribe": undefined,
    "type": "String",
  },
  "firstName": Object {
    "args": Array [],
    "astNode": undefined,
    "deprecationReason": undefined,
    "description": undefined,
    "extensions": undefined,
    "isDeprecated": false,
    "name": "firstName",
    "resolve": undefined,
    "subscribe": undefined,
    "type": "String",
  },
  "id": Object {
    "args": Array [],
    "astNode": undefined,
    "deprecationReason": undefined,
    "description": undefined,
    "extensions": undefined,
    "isDeprecated": false,
    "name": "id",
    "resolve": undefined,
    "subscribe": undefined,
    "type": "Int",
  },
  "item": Object {
    "args": Array [
      Object {
        "astNode": undefined,
        "defaultValue": undefined,
        "deprecationReason": undefined,
        "description": undefined,
        "extensions": undefined,
        "name": "id",
        "type": "ID",
      },
    ],
    "astNode": undefined,
    "deprecationReason": undefined,
    "description": undefined,
    "extensions": undefined,
    "isDeprecated": false,
    "name": "item",
    "resolve": [Function],
    "subscribe": undefined,
    "type": "Item",
  },
  "items": Object {
    "args": Array [
      Object {
        "astNode": undefined,
        "defaultValue": undefined,
        "deprecationReason": undefined,
        "description": undefined,
        "extensions": undefined,
        "name": "after",
        "type": "String",
      },
      Object {
        "astNode": undefined,
        "defaultValue": undefined,
        "deprecationReason": undefined,
        "description": undefined,
        "extensions": undefined,
        "name": "first",
        "type": "Int",
      },
      Object {
        "astNode": undefined,
        "defaultValue": undefined,
        "deprecationReason": undefined,
        "description": undefined,
        "extensions": undefined,
        "name": "before",
        "type": "String",
      },
      Object {
        "astNode": undefined,
        "defaultValue": undefined,
        "deprecationReason": undefined,
        "description": undefined,
        "extensions": undefined,
        "name": "last",
        "type": "Int",
      },
      Object {
        "astNode": undefined,
        "defaultValue": undefined,
        "deprecationReason": undefined,
        "description": undefined,
        "extensions": undefined,
        "name": "orderBy",
        "type": "[UserItemsOrderBy]",
      },
      Object {
        "astNode": undefined,
        "defaultValue": undefined,
        "deprecationReason": undefined,
        "description": "Search by description",
        "extensions": undefined,
        "name": "description",
        "type": "String",
      },
      Object {
        "astNode": undefined,
        "defaultValue": undefined,
        "deprecationReason": undefined,
        "description": "The start date. Can be any date string in the order yyyy-mm-dd hh:mm",
        "extensions": undefined,
        "name": "startDate",
        "type": "String",
      },
      Object {
        "astNode": undefined,
        "defaultValue": undefined,
        "deprecationReason": undefined,
        "description": "The end date. Can be any date string in the order yyyy-mm-dd hh:mm",
        "extensions": undefined,
        "name": "endDate",
        "type": "String",
      },
    ],
    "astNode": undefined,
    "deprecationReason": undefined,
    "description": "The user's items",
    "extensions": undefined,
    "isDeprecated": false,
    "name": "items",
    "resolve": [Function],
    "subscribe": undefined,
    "type": "UserItemsConnection",
  },
  "lastName": Object {
    "args": Array [],
    "astNode": undefined,
    "deprecationReason": undefined,
    "description": undefined,
    "extensions": undefined,
    "isDeprecated": false,
    "name": "lastName",
    "resolve": undefined,
    "subscribe": undefined,
    "type": "String",
  },
  "tags": Object {
    "args": Array [
      Object {
        "astNode": undefined,
        "defaultValue": undefined,
        "deprecationReason": undefined,
        "description": undefined,
        "extensions": undefined,
        "name": "after",
        "type": "String",
      },
      Object {
        "astNode": undefined,
        "defaultValue": undefined,
        "deprecationReason": undefined,
        "description": undefined,
        "extensions": undefined,
        "name": "first",
        "type": "Int",
      },
      Object {
        "astNode": undefined,
        "defaultValue": undefined,
        "deprecationReason": undefined,
        "description": undefined,
        "extensions": undefined,
        "name": "before",
        "type": "String",
      },
      Object {
        "astNode": undefined,
        "defaultValue": undefined,
        "deprecationReason": undefined,
        "description": undefined,
        "extensions": undefined,
        "name": "last",
        "type": "Int",
      },
      Object {
        "astNode": undefined,
        "defaultValue": undefined,
        "deprecationReason": undefined,
        "description": undefined,
        "extensions": undefined,
        "name": "orderBy",
        "type": "[UserTagsOrderBy]",
      },
      Object {
        "astNode": undefined,
        "defaultValue": undefined,
        "deprecationReason": undefined,
        "description": "The start date. Can be any date string in the order yyyy-mm-dd hh:mm",
        "extensions": undefined,
        "name": "startDate",
        "type": "String",
      },
      Object {
        "astNode": undefined,
        "defaultValue": undefined,
        "deprecationReason": undefined,
        "description": "The end date. Can be any date string in the order yyyy-mm-dd hh:mm",
        "extensions": undefined,
        "name": "endDate",
        "type": "String",
      },
    ],
    "astNode": undefined,
    "deprecationReason": undefined,
    "description": "The user's tags",
    "extensions": undefined,
    "isDeprecated": false,
    "name": "tags",
    "resolve": [Function],
    "subscribe": undefined,
    "type": "UserTagsConnection",
  },
  "token": Object {
    "args": Array [],
    "astNode": undefined,
    "deprecationReason": undefined,
    "description": undefined,
    "extensions": undefined,
    "isDeprecated": false,
    "name": "token",
    "resolve": undefined,
    "subscribe": undefined,
    "type": "String",
  },
}
`;
