// Jest Snapshot v1, https://goo.gl/fbAQLP

exports[`Item Type Should match snapshot 1`] = `
Object {
  "amount": Object {
    "args": Array [],
    "astNode": undefined,
    "deprecationReason": undefined,
    "description": undefined,
    "extensions": undefined,
    "isDeprecated": false,
    "name": "amount",
    "resolve": undefined,
    "subscribe": undefined,
    "type": "Float",
  },
  "date": Object {
    "args": Array [],
    "astNode": undefined,
    "deprecationReason": undefined,
    "description": undefined,
    "extensions": undefined,
    "isDeprecated": false,
    "name": "date",
    "resolve": undefined,
    "subscribe": undefined,
    "type": "Date",
  },
  "description": Object {
    "args": Array [],
    "astNode": undefined,
    "deprecationReason": undefined,
    "description": undefined,
    "extensions": undefined,
    "isDeprecated": false,
    "name": "description",
    "resolve": undefined,
    "subscribe": undefined,
    "type": "String",
  },
  "id": Object {
    "args": Array [],
    "astNode": undefined,
    "deprecationReason": undefined,
    "description": undefined,
    "extensions": undefined,
    "isDeprecated": false,
    "name": "id",
    "resolve": undefined,
    "subscribe": undefined,
    "type": "ID!",
  },
  "tags": Object {
    "args": Array [
      Object {
        "astNode": undefined,
        "defaultValue": undefined,
        "deprecationReason": undefined,
        "description": undefined,
        "extensions": undefined,
        "name": "after",
        "type": "String",
      },
      Object {
        "astNode": undefined,
        "defaultValue": undefined,
        "deprecationReason": undefined,
        "description": undefined,
        "extensions": undefined,
        "name": "first",
        "type": "Int",
      },
      Object {
        "astNode": undefined,
        "defaultValue": undefined,
        "deprecationReason": undefined,
        "description": undefined,
        "extensions": undefined,
        "name": "before",
        "type": "String",
      },
      Object {
        "astNode": undefined,
        "defaultValue": undefined,
        "deprecationReason": undefined,
        "description": undefined,
        "extensions": undefined,
        "name": "last",
        "type": "Int",
      },
      Object {
        "astNode": undefined,
        "defaultValue": undefined,
        "deprecationReason": undefined,
        "description": undefined,
        "extensions": undefined,
        "name": "orderBy",
        "type": "[ItemTagsOrderBy]",
      },
    ],
    "astNode": undefined,
    "deprecationReason": undefined,
    "description": "The tags belonging to the item",
    "extensions": undefined,
    "isDeprecated": false,
    "name": "tags",
    "resolve": [Function],
    "subscribe": undefined,
    "type": "ItemsTagsConnection",
  },
}
`;
